---
source: crates/railgun/src/abis/railgun.rs
expression: ciphertext
---
Ciphertext {
    iv: [
        205,
        196,
        13,
        26,
        72,
        77,
        11,
        149,
        52,
        251,
        67,
        15,
        215,
        114,
        238,
        68,
    ],
    tag: [
        26,
        10,
        96,
        49,
        15,
        126,
        79,
        69,
        228,
        79,
        62,
        26,
        40,
        146,
        124,
        102,
    ],
    data: [
        [
            246,
            79,
            137,
            235,
            48,
            2,
            30,
            50,
            7,
            1,
            186,
            197,
            144,
            193,
            184,
            98,
        ],
    ],
}
