---
source: crates/railgun-rs/src/abis/railgun.rs
assertion_line: 405
expression: ciphertext
---
Ciphertext {
    iv: [
        7,
        1,
        57,
        46,
        121,
        227,
        177,
        0,
        200,
        101,
        194,
        83,
        171,
        164,
        117,
        134,
    ],
    tag: [
        67,
        8,
        14,
        168,
        168,
        140,
        112,
        145,
        28,
        228,
        82,
        31,
        237,
        142,
        41,
        131,
    ],
    data: [
        [
            154,
            71,
            243,
            42,
            47,
            35,
            155,
            19,
            241,
            129,
            127,
            95,
            171,
            251,
            53,
            160,
            173,
            228,
            192,
            207,
            246,
            251,
            85,
            201,
            190,
            66,
            24,
            117,
            86,
            108,
            99,
            217,
        ],
        [
            62,
            180,
            195,
            220,
            174,
            40,
            3,
            239,
            173,
            132,
            52,
            234,
            220,
            164,
            0,
            46,
            206,
            168,
            191,
            185,
            254,
            251,
            77,
            204,
            122,
            33,
            208,
            121,
            249,
            120,
            162,
            16,
        ],
        [
            235,
            129,
            125,
            230,
            130,
            102,
            144,
            111,
            62,
            187,
            34,
            183,
            20,
            188,
            11,
            227,
            60,
            134,
            82,
            18,
            234,
            152,
            4,
            88,
            106,
            219,
            240,
            221,
            45,
            51,
            62,
            194,
        ],
        [
            60,
            235,
            28,
            161,
            241,
            239,
            11,
            223,
            97,
            223,
            136,
            89,
            109,
        ],
    ],
}
