---
source: railgun-rs/src/crypto/aes.rs
assertion_line: 207
expression: ciphertext
---
CiphertextCtr {
    iv: [
        178,
        214,
        168,
        126,
        192,
        105,
        52,
        255,
        88,
        87,
        230,
        120,
        208,
        115,
        0,
        13,
    ],
    data: [
        [
            199,
            25,
            147,
            202,
            131,
            42,
            234,
            159,
            240,
            130,
            148,
            173,
            243,
            247,
            133,
        ],
        [
            121,
            244,
            145,
            173,
            168,
            8,
            16,
            193,
            223,
            154,
            184,
            106,
            225,
            243,
            127,
        ],
        [
            196,
            128,
            212,
            134,
            254,
            130,
            113,
            38,
            222,
            242,
            237,
            5,
            192,
            61,
            160,
        ],
    ],
}
