---
source: railgun-rs/src/crypto/aes.rs
assertion_line: 179
expression: ciphertext
---
Ciphertext {
    iv: [
        178,
        214,
        168,
        126,
        192,
        105,
        52,
        255,
        88,
        87,
        230,
        120,
        208,
        115,
        0,
        13,
    ],
    tag: [
        142,
        255,
        46,
        150,
        245,
        21,
        30,
        90,
        189,
        67,
        34,
        30,
        62,
        90,
        20,
        255,
    ],
    data: [
        [
            206,
            235,
            9,
            244,
            4,
            191,
            183,
            222,
            45,
            136,
            12,
            43,
            69,
            122,
            112,
        ],
        [
            155,
            103,
            162,
            233,
            250,
            49,
            184,
            5,
            142,
            130,
            174,
            96,
            109,
            153,
            212,
        ],
    ],
}
